// Jest Snapshot v1, https://goo.gl/fbAQLP

exports[`renders correctly 1`] = `
<RCTSafeAreaView
  emulateUnlessSupported={true}
  style={
    Object {
      "flex": 1,
    }
  }
>
  <View
    style={
      Object {
        "marginTop": 32,
        "paddingHorizontal": 24,
      }
    }
  >
    <Text
      style={
        Object {
          "color": "#444",
          "fontSize": 18,
          "fontWeight": "400",
          "marginTop": 8,
        }
      }
    >
      Enter the Google Drive url to browse
    </Text>
    <TextInput
      allowFontScaling={true}
      onChangeText={[Function]}
      placeholder="Enter URL here"
      rejectResponderTermination={true}
      style={
        Object {
          "height": 40,
          "marginVertical": 10,
        }
      }
      underlineColorAndroid="transparent"
      value="https://www.google.com/"
    />
    <View
      accessibilityRole="button"
      accessibilityState={Object {}}
      accessible={true}
      focusable={true}
      onClick={[Function]}
      onResponderGrant={[Function]}
      onResponderMove={[Function]}
      onResponderRelease={[Function]}
      onResponderTerminate={[Function]}
      onResponderTerminationRequest={[Function]}
      onStartShouldSetResponder={[Function]}
      style={
        Object {
          "opacity": 1,
        }
      }
    >
      <View
        style={
          Array [
            Object {},
          ]
        }
      >
        <Text
          style={
            Array [
              Object {
                "color": "#007AFF",
                "fontSize": 18,
                "margin": 8,
                "textAlign": "center",
              },
            ]
          }
        >
          Browse
        </Text>
      </View>
    </View>
  </View>
</RCTSafeAreaView>
`;
